
> admin@0.0.0 build
> tsc -b && vite build

src/components/common/DeleteDialog.tsx(12,10): error TS2724: '"@mui/icons-material"' has no exported member named 'DeleteOutline'. Did you mean 'DeleteOutlined'?
src/components/common/ExportButton.tsx(80,9): error TS2322: Type '{ children: Element[]; id: string; anchorEl: HTMLElement | null; open: boolean; onClose: () => void; MenuListProps: { 'aria-labelledby': string; }; slotProps: { paper: { sx: { borderRadius: number; mt: number; boxShadow: "0px 4px 12px rgba(0,0,0,0.08)"; }; }; }; }' is not assignable to type 'IntrinsicAttributes & MenuProps'.
  Property 'MenuListProps' does not exist on type 'IntrinsicAttributes & MenuProps'.
src/components/common/FilterPanel.tsx(117,18): error TS2769: No overload matches this call.
  Overload 1 of 2, '(props: { component: ElementType<any, keyof IntrinsicElements>; } & GridBaseProps & { sx?: SxProps<Theme> | undefined; } & Omit<...>): Element | null', gave the following error.
    Property 'component' is missing in type '{ children: Element; item: true; xs: number; sm: number; md: number; key: string; }' but required in type '{ component: ElementType<any, keyof IntrinsicElements>; }'.
  Overload 2 of 2, '(props: DefaultComponentProps<GridTypeMap<{}, "div">>): Element | null', gave the following error.
    Type '{ children: Element; item: true; xs: number; sm: number; md: number; key: string; }' is not assignable to type 'IntrinsicAttributes & GridBaseProps & { sx?: SxProps<Theme> | undefined; } & Omit<DetailedHTMLProps<HTMLAttributes<HTMLDivElement>, HTMLDivElement>, "sx" | keyof GridBaseProps>'.
      Property 'item' does not exist on type 'IntrinsicAttributes & GridBaseProps & { sx?: SxProps<Theme> | undefined; } & Omit<DetailedHTMLProps<HTMLAttributes<HTMLDivElement>, HTMLDivElement>, "sx" | keyof GridBaseProps>'.
src/components/common/FilterPanel.tsx(143,25): error TS2322: Type '{ type: "date"; fullWidth: true; size: "small"; label: string; InputLabelProps: { shrink: boolean; }; value: string; onChange: (e: ChangeEvent<HTMLInputElement | HTMLTextAreaElement, Element>) => void; }' is not assignable to type 'IntrinsicAttributes & { variant?: TextFieldVariants | undefined; } & Omit<OutlinedTextFieldProps | FilledTextFieldProps | StandardTextFieldProps, "variant">'.
  Property 'InputLabelProps' does not exist on type 'IntrinsicAttributes & { variant?: TextFieldVariants | undefined; } & Omit<OutlinedTextFieldProps | FilledTextFieldProps | StandardTextFieldProps, "variant">'.
src/components/common/FilterPanel.tsx(152,25): error TS2322: Type '{ type: "date"; fullWidth: true; size: "small"; label: string; InputLabelProps: { shrink: boolean; }; value: string; onChange: (e: ChangeEvent<HTMLInputElement | HTMLTextAreaElement, Element>) => void; }' is not assignable to type 'IntrinsicAttributes & { variant?: TextFieldVariants | undefined; } & Omit<OutlinedTextFieldProps | FilledTextFieldProps | StandardTextFieldProps, "variant">'.
  Property 'InputLabelProps' does not exist on type 'IntrinsicAttributes & { variant?: TextFieldVariants | undefined; } & Omit<OutlinedTextFieldProps | FilledTextFieldProps | StandardTextFieldProps, "variant">'.
src/components/search/SearchBar.tsx(102,9): error TS2322: Type '{ fullWidth: true; size: "small"; placeholder: string; value: string; onChange: (event: ChangeEvent<HTMLInputElement, Element>) => void; onFocus: () => void | ""; InputProps: { ...; }; }' is not assignable to type 'IntrinsicAttributes & { variant?: TextFieldVariants | undefined; } & Omit<OutlinedTextFieldProps | FilledTextFieldProps | StandardTextFieldProps, "variant">'.
  Property 'InputProps' does not exist on type 'IntrinsicAttributes & { variant?: TextFieldVariants | undefined; } & Omit<OutlinedTextFieldProps | FilledTextFieldProps | StandardTextFieldProps, "variant">'.
src/config/menuConfig.ts(1,10): error TS1484: 'Permission' is a type and must be imported using a type-only import when 'verbatimModuleSyntax' is enabled.
src/hooks/useHasPermission.ts(2,25): error TS1484: 'Permission' is a type and must be imported using a type-only import when 'verbatimModuleSyntax' is enabled.
src/modules/cms/CMSManager.tsx(57,16): error TS2769: No overload matches this call.
  Overload 1 of 2, '(props: { component: ElementType<any, keyof IntrinsicElements>; } & GridBaseProps & { sx?: SxProps<Theme> | undefined; } & Omit<...>): Element | null', gave the following error.
    Property 'component' is missing in type '{ children: Element; item: true; xs: number; sm: number; }' but required in type '{ component: ElementType<any, keyof IntrinsicElements>; }'.
  Overload 2 of 2, '(props: DefaultComponentProps<GridTypeMap<{}, "div">>): Element | null', gave the following error.
    Type '{ children: Element; item: true; xs: number; sm: number; }' is not assignable to type 'IntrinsicAttributes & GridBaseProps & { sx?: SxProps<Theme> | undefined; } & Omit<DetailedHTMLProps<HTMLAttributes<HTMLDivElement>, HTMLDivElement>, "sx" | keyof GridBaseProps>'.
      Property 'item' does not exist on type 'IntrinsicAttributes & GridBaseProps & { sx?: SxProps<Theme> | undefined; } & Omit<DetailedHTMLProps<HTMLAttributes<HTMLDivElement>, HTMLDivElement>, "sx" | keyof GridBaseProps>'.
src/modules/cms/CMSManager.tsx(69,16): error TS2769: No overload matches this call.
  Overload 1 of 2, '(props: { component: ElementType<any, keyof IntrinsicElements>; } & GridBaseProps & { sx?: SxProps<Theme> | undefined; } & Omit<...>): Element | null', gave the following error.
    Property 'component' is missing in type '{ children: Element; item: true; xs: number; sm: number; }' but required in type '{ component: ElementType<any, keyof IntrinsicElements>; }'.
  Overload 2 of 2, '(props: DefaultComponentProps<GridTypeMap<{}, "div">>): Element | null', gave the following error.
    Type '{ children: Element; item: true; xs: number; sm: number; }' is not assignable to type 'IntrinsicAttributes & GridBaseProps & { sx?: SxProps<Theme> | undefined; } & Omit<DetailedHTMLProps<HTMLAttributes<HTMLDivElement>, HTMLDivElement>, "sx" | keyof GridBaseProps>'.
      Property 'item' does not exist on type 'IntrinsicAttributes & GridBaseProps & { sx?: SxProps<Theme> | undefined; } & Omit<DetailedHTMLProps<HTMLAttributes<HTMLDivElement>, HTMLDivElement>, "sx" | keyof GridBaseProps>'.
src/modules/cms/CMSManager.tsx(109,20): error TS2769: No overload matches this call.
  Overload 1 of 2, '(props: { component: ElementType<any, keyof IntrinsicElements>; } & GridBaseProps & { sx?: SxProps<Theme> | undefined; } & Omit<...>): Element | null', gave the following error.
    Property 'component' is missing in type '{ children: Element[]; item: true; xs: number; }' but required in type '{ component: ElementType<any, keyof IntrinsicElements>; }'.
  Overload 2 of 2, '(props: DefaultComponentProps<GridTypeMap<{}, "div">>): Element | null', gave the following error.
    Type '{ children: Element[]; item: true; xs: number; }' is not assignable to type 'IntrinsicAttributes & GridBaseProps & { sx?: SxProps<Theme> | undefined; } & Omit<DetailedHTMLProps<HTMLAttributes<HTMLDivElement>, HTMLDivElement>, "sx" | keyof GridBaseProps>'.
      Property 'item' does not exist on type 'IntrinsicAttributes & GridBaseProps & { sx?: SxProps<Theme> | undefined; } & Omit<DetailedHTMLProps<HTMLAttributes<HTMLDivElement>, HTMLDivElement>, "sx" | keyof GridBaseProps>'.
src/modules/cms/index.ts(2,10): error TS1484: 'Module' is a type and must be imported using a type-only import when 'verbatimModuleSyntax' is enabled.
src/modules/coupons/CouponManager.tsx(16,21): error TS1484: 'ColumnConfig' is a type and must be imported using a type-only import when 'verbatimModuleSyntax' is enabled.
src/modules/coupons/CouponManager.tsx(166,14): error TS2769: No overload matches this call.
  Overload 1 of 2, '(props: { component: ElementType<any, keyof IntrinsicElements>; } & GridBaseProps & { sx?: SxProps<Theme> | undefined; } & Omit<...>): Element | null', gave the following error.
    Property 'component' is missing in type '{ children: Element; item: true; xs: number; }' but required in type '{ component: ElementType<any, keyof IntrinsicElements>; }'.
  Overload 2 of 2, '(props: DefaultComponentProps<GridTypeMap<{}, "div">>): Element | null', gave the following error.
    Type '{ children: Element; item: true; xs: number; }' is not assignable to type 'IntrinsicAttributes & GridBaseProps & { sx?: SxProps<Theme> | undefined; } & Omit<DetailedHTMLProps<HTMLAttributes<HTMLDivElement>, HTMLDivElement>, "sx" | keyof GridBaseProps>'.
      Property 'item' does not exist on type 'IntrinsicAttributes & GridBaseProps & { sx?: SxProps<Theme> | undefined; } & Omit<DetailedHTMLProps<HTMLAttributes<HTMLDivElement>, HTMLDivElement>, "sx" | keyof GridBaseProps>'.
src/modules/coupons/CouponManager.tsx(175,14): error TS2769: No overload matches this call.
  Overload 1 of 2, '(props: { component: ElementType<any, keyof IntrinsicElements>; } & GridBaseProps & { sx?: SxProps<Theme> | undefined; } & Omit<...>): Element | null', gave the following error.
    Property 'component' is missing in type '{ children: Element; item: true; xs: number; }' but required in type '{ component: ElementType<any, keyof IntrinsicElements>; }'.
  Overload 2 of 2, '(props: DefaultComponentProps<GridTypeMap<{}, "div">>): Element | null', gave the following error.
    Type '{ children: Element; item: true; xs: number; }' is not assignable to type 'IntrinsicAttributes & GridBaseProps & { sx?: SxProps<Theme> | undefined; } & Omit<DetailedHTMLProps<HTMLAttributes<HTMLDivElement>, HTMLDivElement>, "sx" | keyof GridBaseProps>'.
      Property 'item' does not exist on type 'IntrinsicAttributes & GridBaseProps & { sx?: SxProps<Theme> | undefined; } & Omit<DetailedHTMLProps<HTMLAttributes<HTMLDivElement>, HTMLDivElement>, "sx" | keyof GridBaseProps>'.
src/modules/coupons/CouponManager.tsx(188,14): error TS2769: No overload matches this call.
  Overload 1 of 2, '(props: { component: ElementType<any, keyof IntrinsicElements>; } & GridBaseProps & { sx?: SxProps<Theme> | undefined; } & Omit<...>): Element | null', gave the following error.
    Property 'component' is missing in type '{ children: Element; item: true; xs: number; }' but required in type '{ component: ElementType<any, keyof IntrinsicElements>; }'.
  Overload 2 of 2, '(props: DefaultComponentProps<GridTypeMap<{}, "div">>): Element | null', gave the following error.
    Type '{ children: Element; item: true; xs: number; }' is not assignable to type 'IntrinsicAttributes & GridBaseProps & { sx?: SxProps<Theme> | undefined; } & Omit<DetailedHTMLProps<HTMLAttributes<HTMLDivElement>, HTMLDivElement>, "sx" | keyof GridBaseProps>'.
      Property 'item' does not exist on type 'IntrinsicAttributes & GridBaseProps & { sx?: SxProps<Theme> | undefined; } & Omit<DetailedHTMLProps<HTMLAttributes<HTMLDivElement>, HTMLDivElement>, "sx" | keyof GridBaseProps>'.
src/modules/coupons/CouponManager.tsx(197,14): error TS2769: No overload matches this call.
  Overload 1 of 2, '(props: { component: ElementType<any, keyof IntrinsicElements>; } & GridBaseProps & { sx?: SxProps<Theme> | undefined; } & Omit<...>): Element | null', gave the following error.
    Property 'component' is missing in type '{ children: Element; item: true; xs: number; }' but required in type '{ component: ElementType<any, keyof IntrinsicElements>; }'.
  Overload 2 of 2, '(props: DefaultComponentProps<GridTypeMap<{}, "div">>): Element | null', gave the following error.
    Type '{ children: Element; item: true; xs: number; }' is not assignable to type 'IntrinsicAttributes & GridBaseProps & { sx?: SxProps<Theme> | undefined; } & Omit<DetailedHTMLProps<HTMLAttributes<HTMLDivElement>, HTMLDivElement>, "sx" | keyof GridBaseProps>'.
      Property 'item' does not exist on type 'IntrinsicAttributes & GridBaseProps & { sx?: SxProps<Theme> | undefined; } & Omit<DetailedHTMLProps<HTMLAttributes<HTMLDivElement>, HTMLDivElement>, "sx" | keyof GridBaseProps>'.
src/modules/coupons/CouponManager.tsx(202,17): error TS2322: Type '{ fullWidth: true; type: "date"; label: string; InputLabelProps: { shrink: boolean; }; value: string; onChange: (e: ChangeEvent<HTMLInputElement | HTMLTextAreaElement, Element>) => void; }' is not assignable to type 'IntrinsicAttributes & { variant?: TextFieldVariants | undefined; } & Omit<OutlinedTextFieldProps | FilledTextFieldProps | StandardTextFieldProps, "variant">'.
  Property 'InputLabelProps' does not exist on type 'IntrinsicAttributes & { variant?: TextFieldVariants | undefined; } & Omit<OutlinedTextFieldProps | FilledTextFieldProps | StandardTextFieldProps, "variant">'.
src/modules/coupons/index.ts(2,10): error TS1484: 'Module' is a type and must be imported using a type-only import when 'verbatimModuleSyntax' is enabled.
src/modules/orders/index.ts(2,10): error TS1484: 'Module' is a type and must be imported using a type-only import when 'verbatimModuleSyntax' is enabled.
src/modules/payments/index.ts(2,10): error TS1484: 'Module' is a type and must be imported using a type-only import when 'verbatimModuleSyntax' is enabled.
src/modules/registry.ts(2,10): error TS1484: 'Permission' is a type and must be imported using a type-only import when 'verbatimModuleSyntax' is enabled.
src/modules/reports/index.ts(2,10): error TS1484: 'Module' is a type and must be imported using a type-only import when 'verbatimModuleSyntax' is enabled.
src/modules/services/index.ts(2,10): error TS1484: 'Module' is a type and must be imported using a type-only import when 'verbatimModuleSyntax' is enabled.
src/modules/settings/index.ts(2,10): error TS1484: 'Module' is a type and must be imported using a type-only import when 'verbatimModuleSyntax' is enabled.
src/modules/support/SupportCenter.tsx(4,21): error TS1484: 'ColumnConfig' is a type and must be imported using a type-only import when 'verbatimModuleSyntax' is enabled.
src/modules/support/SupportCenter.tsx(149,18): error TS2769: No overload matches this call.
  Overload 1 of 2, '(props: { component: ElementType<any, keyof IntrinsicElements>; } & GridBaseProps & { sx?: SxProps<Theme> | undefined; } & Omit<...>): Element | null', gave the following error.
    Property 'component' is missing in type '{ children: Element[]; item: true; xs: number; }' but required in type '{ component: ElementType<any, keyof IntrinsicElements>; }'.
  Overload 2 of 2, '(props: DefaultComponentProps<GridTypeMap<{}, "div">>): Element | null', gave the following error.
    Type '{ children: Element[]; item: true; xs: number; }' is not assignable to type 'IntrinsicAttributes & GridBaseProps & { sx?: SxProps<Theme> | undefined; } & Omit<DetailedHTMLProps<HTMLAttributes<HTMLDivElement>, HTMLDivElement>, "sx" | keyof GridBaseProps>'.
      Property 'item' does not exist on type 'IntrinsicAttributes & GridBaseProps & { sx?: SxProps<Theme> | undefined; } & Omit<DetailedHTMLProps<HTMLAttributes<HTMLDivElement>, HTMLDivElement>, "sx" | keyof GridBaseProps>'.
src/modules/support/SupportCenter.tsx(153,18): error TS2769: No overload matches this call.
  Overload 1 of 2, '(props: { component: ElementType<any, keyof IntrinsicElements>; } & GridBaseProps & { sx?: SxProps<Theme> | undefined; } & Omit<...>): Element | null', gave the following error.
    Property 'component' is missing in type '{ children: Element[]; item: true; xs: number; }' but required in type '{ component: ElementType<any, keyof IntrinsicElements>; }'.
  Overload 2 of 2, '(props: DefaultComponentProps<GridTypeMap<{}, "div">>): Element | null', gave the following error.
    Type '{ children: Element[]; item: true; xs: number; }' is not assignable to type 'IntrinsicAttributes & GridBaseProps & { sx?: SxProps<Theme> | undefined; } & Omit<DetailedHTMLProps<HTMLAttributes<HTMLDivElement>, HTMLDivElement>, "sx" | keyof GridBaseProps>'.
      Property 'item' does not exist on type 'IntrinsicAttributes & GridBaseProps & { sx?: SxProps<Theme> | undefined; } & Omit<DetailedHTMLProps<HTMLAttributes<HTMLDivElement>, HTMLDivElement>, "sx" | keyof GridBaseProps>'.
src/modules/support/SupportCenter.tsx(157,18): error TS2769: No overload matches this call.
  Overload 1 of 2, '(props: { component: ElementType<any, keyof IntrinsicElements>; } & GridBaseProps & { sx?: SxProps<Theme> | undefined; } & Omit<...>): Element | null', gave the following error.
    Property 'component' is missing in type '{ children: Element[]; item: true; xs: number; }' but required in type '{ component: ElementType<any, keyof IntrinsicElements>; }'.
  Overload 2 of 2, '(props: DefaultComponentProps<GridTypeMap<{}, "div">>): Element | null', gave the following error.
    Type '{ children: Element[]; item: true; xs: number; }' is not assignable to type 'IntrinsicAttributes & GridBaseProps & { sx?: SxProps<Theme> | undefined; } & Omit<DetailedHTMLProps<HTMLAttributes<HTMLDivElement>, HTMLDivElement>, "sx" | keyof GridBaseProps>'.
      Property 'item' does not exist on type 'IntrinsicAttributes & GridBaseProps & { sx?: SxProps<Theme> | undefined; } & Omit<DetailedHTMLProps<HTMLAttributes<HTMLDivElement>, HTMLDivElement>, "sx" | keyof GridBaseProps>'.
src/modules/support/SupportCenter.tsx(161,18): error TS2769: No overload matches this call.
  Overload 1 of 2, '(props: { component: ElementType<any, keyof IntrinsicElements>; } & GridBaseProps & { sx?: SxProps<Theme> | undefined; } & Omit<...>): Element | null', gave the following error.
    Property 'component' is missing in type '{ children: Element[]; item: true; xs: number; }' but required in type '{ component: ElementType<any, keyof IntrinsicElements>; }'.
  Overload 2 of 2, '(props: DefaultComponentProps<GridTypeMap<{}, "div">>): Element | null', gave the following error.
    Type '{ children: Element[]; item: true; xs: number; }' is not assignable to type 'IntrinsicAttributes & GridBaseProps & { sx?: SxProps<Theme> | undefined; } & Omit<DetailedHTMLProps<HTMLAttributes<HTMLDivElement>, HTMLDivElement>, "sx" | keyof GridBaseProps>'.
      Property 'item' does not exist on type 'IntrinsicAttributes & GridBaseProps & { sx?: SxProps<Theme> | undefined; } & Omit<DetailedHTMLProps<HTMLAttributes<HTMLDivElement>, HTMLDivElement>, "sx" | keyof GridBaseProps>'.
src/modules/support/SupportCenter.tsx(167,18): error TS2769: No overload matches this call.
  Overload 1 of 2, '(props: { component: ElementType<any, keyof IntrinsicElements>; } & GridBaseProps & { sx?: SxProps<Theme> | undefined; } & Omit<...>): Element | null', gave the following error.
    Property 'component' is missing in type '{ children: Element[]; item: true; xs: number; }' but required in type '{ component: ElementType<any, keyof IntrinsicElements>; }'.
  Overload 2 of 2, '(props: DefaultComponentProps<GridTypeMap<{}, "div">>): Element | null', gave the following error.
    Type '{ children: Element[]; item: true; xs: number; }' is not assignable to type 'IntrinsicAttributes & GridBaseProps & { sx?: SxProps<Theme> | undefined; } & Omit<DetailedHTMLProps<HTMLAttributes<HTMLDivElement>, HTMLDivElement>, "sx" | keyof GridBaseProps>'.
      Property 'item' does not exist on type 'IntrinsicAttributes & GridBaseProps & { sx?: SxProps<Theme> | undefined; } & Omit<DetailedHTMLProps<HTMLAttributes<HTMLDivElement>, HTMLDivElement>, "sx" | keyof GridBaseProps>'.
src/modules/support/SupportCenter.tsx(173,18): error TS2769: No overload matches this call.
  Overload 1 of 2, '(props: { component: ElementType<any, keyof IntrinsicElements>; } & GridBaseProps & { sx?: SxProps<Theme> | undefined; } & Omit<...>): Element | null', gave the following error.
    Property 'component' is missing in type '{ children: Element[]; item: true; xs: number; }' but required in type '{ component: ElementType<any, keyof IntrinsicElements>; }'.
  Overload 2 of 2, '(props: DefaultComponentProps<GridTypeMap<{}, "div">>): Element | null', gave the following error.
    Type '{ children: Element[]; item: true; xs: number; }' is not assignable to type 'IntrinsicAttributes & GridBaseProps & { sx?: SxProps<Theme> | undefined; } & Omit<DetailedHTMLProps<HTMLAttributes<HTMLDivElement>, HTMLDivElement>, "sx" | keyof GridBaseProps>'.
      Property 'item' does not exist on type 'IntrinsicAttributes & GridBaseProps & { sx?: SxProps<Theme> | undefined; } & Omit<DetailedHTMLProps<HTMLAttributes<HTMLDivElement>, HTMLDivElement>, "sx" | keyof GridBaseProps>'.
src/modules/support/index.ts(2,10): error TS1484: 'Module' is a type and must be imported using a type-only import when 'verbatimModuleSyntax' is enabled.
src/modules/technicians/index.ts(2,10): error TS1484: 'Module' is a type and must be imported using a type-only import when 'verbatimModuleSyntax' is enabled.
src/modules/users/index.ts(2,10): error TS1484: 'Module' is a type and must be imported using a type-only import when 'verbatimModuleSyntax' is enabled.
src/pages/Dashboard.tsx(112,22): error TS2304: Cannot find name 'CircularProgress'.
src/routes/PermissionGuard.tsx(3,10): error TS1484: 'Permission' is a type and must be imported using a type-only import when 'verbatimModuleSyntax' is enabled.
